// Jest Snapshot v1, https://goo.gl/fbAQLP

exports[`should have all the rules 1`] = `Object {}`;
